
------------------------------[ 20.09.2026, 10:26:51 ]------------------------------
TYPE: UNCAUGHT_EXCEPTION
MESSAGE: heersnmm is not defined
STACK:
ReferenceError: heersnmm is not defined
    at Object.<anonymous> (/home/pl/Desktop/custom-color-logs/test.js:51:5)
----------------------------------------------------------------------

------------------------------[ 20.09.2026, 10:29:01 ]------------------------------
TYPE: UNCAUGHT_EXCEPTION
MESSAGE: heersnmm is not defined
STACK:
ReferenceError: heersnmm is not defined
    at Object.<anonymous> (/home/pl/Desktop/custom-color-logs/test.js:51:5)
----------------------------------------------------------------------

------------------------------[ 20.09.2026, 10:29:58 ]------------------------------
TYPE: UNCAUGHT_EXCEPTION
MESSAGE: heersnmm is not defined
STACK:
ReferenceError: heersnmm is not defined
    at Object.<anonymous> (/home/pl/Desktop/custom-color-logs/test.js:51:5)
----------------------------------------------------------------------
